
============================================================
📊 CROSS-PLAYLIST REPETITION ANALYSIS
============================================================

📈 Summary:
   Total songs across all playlists: 1261
   Total unique songs across all playlists: 1244
   Songs appearing in multiple playlists: 16
   Songs appearing in only one playlist: 1228
   Duplication rate: 1.3%

🔄 Songs appearing in multiple playlists:

   🎵 Kamelot - March of Mephisto (2005)
      Appears in 3 playlists: Symphonic Metal, Prog Metal, Power Metal

   🎵 Megadeth - Tipping Point (2026)
      Appears in 2 playlists: New Releases, Classic Metal

   🎵 The Pogues - Fairytale of New York (feat. Kirsty MacColl) (2025)
      Appears in 2 playlists: New Releases, Folk Rock

   🎵 Ensiferum - In My Sword I Trust (2012)
      Appears in 2 playlists: Folk Metal, Melodic Death Metal

   🎵 Ensiferum - Iron (2004)
      Appears in 2 playlists: Folk Metal, Melodic Death Metal

   🎵 Ensiferum - Token of Time (2001)
      Appears in 2 playlists: Folk Metal, Melodic Death Metal

   🎵 Equilibrium - Unbesiegt (2010)
      Appears in 2 playlists: Folk Metal, Melodic Death Metal

   🎵 Angra - Nova Era (2001)
      Appears in 2 playlists: Prog Metal, Power Metal

   🎵 Angra - Rebirth (2001)
      Appears in 2 playlists: Prog Metal, Power Metal

   🎵 Angra - Temple of Hate (2004)
      Appears in 2 playlists: Prog Metal, Power Metal

   🎵 Kamelot - Center of the Universe (2003)
      Appears in 2 playlists: Prog Metal, Power Metal

   🎵 Kamelot - Forever (2001)
      Appears in 2 playlists: Prog Metal, Power Metal

   🎵 Kamelot - Karma (2001)
      Appears in 2 playlists: Prog Metal, Power Metal

   🎵 Kamelot - Sacrimony (Angel of Afterlife) (2012)
      Appears in 2 playlists: Prog Metal, Power Metal

   🎵 Kamelot - The Haunting (Somewhere in Time) (2003)
      Appears in 2 playlists: Prog Metal, Power Metal

   🎵 Kamelot - When the Lights Are Down (2005)
      Appears in 2 playlists: Prog Metal, Power Metal

📊 Breakdown by number of appearances:
   1 song(s) appear in 3 playlists
   15 song(s) appear in 2 playlists

============================================================
