
============================================================
📊 CROSS-PLAYLIST REPETITION ANALYSIS
============================================================

📈 Summary:
   Total songs across all playlists: 3517
   Total unique songs across all playlists: 3299
   Songs appearing in multiple playlists: 190
   Songs appearing in only one playlist: 3109
   Duplication rate: 5.8%

🔄 Songs appearing in multiple playlists:

   🎵 Oasis - Wonderwall (1995)
      Appears in 4 playlists: Classic Pop, Aspen Vibes, Classic Rock, Millennial Nostalgia

   🎵 The Clash - Should I Stay or Should I Go (1982)
      Appears in 4 playlists: Punk Rock, Classic Rock, The Modern Frontier, Movie and TV Soundtracks

   🎵 a-ha - Take On Me (1985)
      Appears in 3 playlists: Classic Pop, Aspen Vibes, Movie and TV Soundtracks

   🎵 Backstreet Boys - I Want It That Way (1999)
      Appears in 3 playlists: Classic Pop, Aspen Vibes, Millennial Nostalgia

   🎵 Bryan Adams - Heaven (1984)
      Appears in 3 playlists: Classic Pop, Aspen Vibes, Classic Rock

   🎵 Bryan Adams - Summer of '69 (1984)
      Appears in 3 playlists: Classic Pop, Aspen Vibes, Classic Rock

   🎵 Celine Dion - My Heart Will Go On (1997)
      Appears in 3 playlists: Classic Pop, Aspen Vibes, Movie and TV Soundtracks

   🎵 Phil Collins - In the Air Tonight (1981)
      Appears in 3 playlists: Classic Pop, Aspen Vibes, Classic Rock

   🎵 R.E.M. - Losing My Religion (1991)
      Appears in 3 playlists: Classic Pop, Aspen Vibes, Classic Rock

   🎵 Rick Astley - Never Gonna Give You Up (1987)
      Appears in 3 playlists: Classic Pop, Aspen Vibes, The Modern Frontier

   🎵 Seal - Kiss from a Rose (1994)
      Appears in 3 playlists: Classic Pop, Aspen Vibes, Movie and TV Soundtracks

   🎵 Tears for Fears - Everybody Wants to Rule the World (1985)
      Appears in 3 playlists: Classic Pop, Aspen Vibes, Movie and TV Soundtracks

   🎵 Toto - Africa (1982)
      Appears in 3 playlists: Classic Pop, Aspen Vibes, Movie and TV Soundtracks

   🎵 U2 - With or Without You (1987)
      Appears in 3 playlists: Classic Pop, Aspen Vibes, Classic Rock

   🎵 UB40 - Red Red Wine (1983)
      Appears in 3 playlists: Classic Pop, Classic Reggae, Aspen Vibes

   🎵 Pink Floyd - Wish You Were Here (1975)
      Appears in 3 playlists: Progressive Rock, Aspen Vibes, Classic Rock

   🎵 Hozier - Take Me to Church (2014)
      Appears in 3 playlists: Contemporary Pop, Aspen Vibes, Irish Folk

   🎵 blink-182 - All the Small Things (1999)
      Appears in 3 playlists: Punk Rock, Classic Rock, Millennial Nostalgia

   🎵 Green Day - Basket Case (1994)
      Appears in 3 playlists: Punk Rock, Classic Rock, Millennial Nostalgia

   🎵 Guns N' Roses - November Rain (1991)
      Appears in 3 playlists: Soft Metal, Aspen Vibes, Classic Rock

   🎵 Goo Goo Dolls - Iris (1998)
      Appears in 3 playlists: Aspen Vibes, Classic Rock, Millennial Nostalgia

   🎵 Journey - Don't Stop Believin' (1981)
      Appears in 3 playlists: Aspen Vibes, Classic Rock, Movie and TV Soundtracks

   🎵 Queen - Bohemian Rhapsody (1975)
      Appears in 3 playlists: Aspen Vibes, Classic Rock, Movie and TV Soundtracks

   🎵 Snow Patrol - Chasing Cars (2006)
      Appears in 3 playlists: Aspen Vibes, Movie and TV Soundtracks, Millennial Nostalgia

   🎵 The Police - Every Breath You Take (1983)
      Appears in 3 playlists: Aspen Vibes, Classic Rock, Movie and TV Soundtracks

   🎵 The Verve - Bitter Sweet Symphony (1997)
      Appears in 3 playlists: Aspen Vibes, Movie and TV Soundtracks, Millennial Nostalgia

   🎵 J Boog - Let's Do It Again (2011)
      Appears in 2 playlists: Modern Reggae, Reggae Rock

   🎵 Matisyahu - One Day (2009)
      Appears in 2 playlists: Modern Reggae, Reggae Rock

   🎵 Matisyahu - Sunshine (2012)
      Appears in 2 playlists: Modern Reggae, Reggae Rock

   🎵 SOJA - Rest of My Life (2012)
      Appears in 2 playlists: Modern Reggae, Reggae Rock

   🎵 Stick Figure - Sound of the Sea (2015)
      Appears in 2 playlists: Modern Reggae, Reggae Rock

   🎵 ABBA - The Winner Takes It All (1980)
      Appears in 2 playlists: Classic Pop, Aspen Vibes

   🎵 Air Supply - All Out of Love (1980)
      Appears in 2 playlists: Classic Pop, Aspen Vibes

   🎵 Air Supply - Making Love Out of Nothing at All (1983)
      Appears in 2 playlists: Classic Pop, Aspen Vibes

   🎵 Backstreet Boys - Quit Playing Games (with My Heart) (1997)
      Appears in 2 playlists: Classic Pop, Millennial Nostalgia

   🎵 Bon Jovi - Livin' on a Prayer (1986)
      Appears in 2 playlists: Classic Pop, Classic Rock

   🎵 Bon Jovi - You Give Love a Bad Name (1986)
      Appears in 2 playlists: Classic Pop, Classic Rock

   🎵 Boyz II Men - End of the Road (1992)
      Appears in 2 playlists: Classic Pop, Aspen Vibes

   🎵 Boyz II Men - I'll Make Love to You (1994)
      Appears in 2 playlists: Classic Pop, Aspen Vibes

   🎵 Britney Spears - ...Baby One More Time (1998)
      Appears in 2 playlists: Classic Pop, Millennial Nostalgia

   🎵 Britney Spears - Oops!... I Did It Again (2000)
      Appears in 2 playlists: Classic Pop, Millennial Nostalgia

   🎵 Celine Dion - The Power of Love (1993)
      Appears in 2 playlists: Classic Pop, Aspen Vibes

   🎵 Christina Aguilera - Genie in a Bottle (1999)
      Appears in 2 playlists: Classic Pop, Millennial Nostalgia

   🎵 Christina Aguilera - What a Girl Wants (1999)
      Appears in 2 playlists: Classic Pop, Millennial Nostalgia

   🎵 Culture Club - Do You Really Want to Hurt Me (1982)
      Appears in 2 playlists: Classic Pop, Aspen Vibes

   🎵 Cyndi Lauper - Time After Time (1984)
      Appears in 2 playlists: Classic Pop, Aspen Vibes

   🎵 Duran Duran - Ordinary World (1993)
      Appears in 2 playlists: Classic Pop, Aspen Vibes

   🎵 Eurythmics - Sweet Dreams (Are Made of This) (1983)
      Appears in 2 playlists: Classic Pop, Classic Rock

   🎵 Genesis - Land of Confusion (1986)
      Appears in 2 playlists: Classic Pop, Classic Rock

   🎵 George Michael - Careless Whisper (1984)
      Appears in 2 playlists: Classic Pop, Aspen Vibes

   🎵 George Michael - Father Figure (1987)
      Appears in 2 playlists: Classic Pop, Aspen Vibes

   🎵 Lionel Richie - Hello (1984)
      Appears in 2 playlists: Classic Pop, Aspen Vibes

   🎵 Madonna - Into the Groove (1985)
      Appears in 2 playlists: Classic Pop, Movie and TV Soundtracks

   🎵 Mariah Carey - Hero (1993)
      Appears in 2 playlists: Classic Pop, Aspen Vibes

   🎵 Michael Jackson - Man in the Mirror (1988)
      Appears in 2 playlists: Classic Pop, Aspen Vibes

   🎵 Oasis - Don't Look Back in Anger (1996)
      Appears in 2 playlists: Classic Pop, Classic Rock

   🎵 Olivia Newton-John - Magic (1980)
      Appears in 2 playlists: Classic Pop, Aspen Vibes

   🎵 Pat Benatar - Hit Me with Your Best Shot (1980)
      Appears in 2 playlists: Classic Pop, Classic Rock

   🎵 Phil Collins - Another Day in Paradise (1989)
      Appears in 2 playlists: Classic Pop, Aspen Vibes

   🎵 PM Dawn - Set Adrift on Memory Bliss (1991)
      Appears in 2 playlists: Classic Pop, Aspen Vibes

   🎵 Prince - Kiss (1986)
      Appears in 2 playlists: Classic Pop, Funk & Soul

   🎵 Prince - Purple Rain (1984)
      Appears in 2 playlists: Classic Pop, Movie and TV Soundtracks

   🎵 Roxette - It Must Have Been Love (1990)
      Appears in 2 playlists: Classic Pop, Aspen Vibes

   🎵 Sade - No Ordinary Love (1992)
      Appears in 2 playlists: Classic Pop, Aspen Vibes

   🎵 Sade - Smooth Operator (1984)
      Appears in 2 playlists: Classic Pop, Aspen Vibes

   🎵 Salt-N-Pepa - Push It (1987)
      Appears in 2 playlists: Classic Pop, Golden HipHop

   🎵 Shania Twain - You're Still the One (1998)
      Appears in 2 playlists: Classic Pop, Aspen Vibes

   🎵 Simply Red - Holding Back the Years (1985)
      Appears in 2 playlists: Classic Pop, Aspen Vibes

   🎵 Spice Girls - 2 Become 1 (1996)
      Appears in 2 playlists: Classic Pop, Millennial Nostalgia

   🎵 Spice Girls - Wannabe (1996)
      Appears in 2 playlists: Classic Pop, Millennial Nostalgia

   🎵 TLC - No Scrubs (1999)
      Appears in 2 playlists: Classic Pop, Millennial Nostalgia

   🎵 TLC - Waterfalls (1995)
      Appears in 2 playlists: Classic Pop, Millennial Nostalgia

   🎵 Toto - Rosanna (1982)
      Appears in 2 playlists: Classic Pop, Aspen Vibes

   🎵 Wham! - Last Christmas (1984)
      Appears in 2 playlists: Classic Pop, Christmas Jingles

   🎵 Whitney Houston - I Wanna Dance with Somebody (Who Loves Me) (1987)
      Appears in 2 playlists: Classic Pop, Aspen Vibes

   🎵 Whitney Houston - I Will Always Love You (1992)
      Appears in 2 playlists: Classic Pop, Movie and TV Soundtracks

   🎵 Marillion - Kayleigh (1985)
      Appears in 2 playlists: Progressive Rock, Neo-Prog

   🎵 Porcupine Tree - Trains (2002)
      Appears in 2 playlists: Progressive Rock, Neo-Prog

   🎵 Steven Wilson - Drive Home (2013)
      Appears in 2 playlists: Progressive Rock, Neo-Prog

   🎵 Adele - Hello (2015)
      Appears in 2 playlists: Contemporary Pop, Aspen Vibes

   🎵 Adele - Rolling in the Deep (2011)
      Appears in 2 playlists: Contemporary Pop, Aspen Vibes

   🎵 BTS - Dynamite (2020)
      Appears in 2 playlists: Contemporary Pop, The Modern Frontier

   🎵 Ellie Goulding - Love Me Like You Do (2015)
      Appears in 2 playlists: Contemporary Pop, Aspen Vibes

   🎵 Gotye - Somebody That I Used to Know (2012)
      Appears in 2 playlists: Contemporary Pop, Aspen Vibes

   🎵 Harry Styles - Sign of the Times (2017)
      Appears in 2 playlists: Contemporary Pop, Aspen Vibes

   🎵 Luis Fonsi - Despacito (2017)
      Appears in 2 playlists: Contemporary Pop, Latin Pop

   🎵 One Direction - What Makes You Beautiful (2011)
      Appears in 2 playlists: Contemporary Pop, Aspen Vibes

   🎵 Psy - Gangnam Style (2012)
      Appears in 2 playlists: Contemporary Pop, The Modern Frontier

   🎵 Sam Smith - Stay With Me (2014)
      Appears in 2 playlists: Contemporary Pop, Aspen Vibes

   🎵 Selena Gomez - Lose You to Love Me (2019)
      Appears in 2 playlists: Contemporary Pop, Aspen Vibes

   🎵 Shaboozey - A Bar Song (Tipsy) (2024)
      Appears in 2 playlists: Contemporary Pop, The Modern Frontier

   🎵 X Ambassadors - Unsteady (2016)
      Appears in 2 playlists: Contemporary Pop, Aspen Vibes

   🎵 Mac DeMarco - Chamber of Reflection (2014)
      Appears in 2 playlists: Eclectic Discovery, Indie Vibes

   🎵 Tame Impala - The Less I Know the Better (2015)
      Appears in 2 playlists: Eclectic Discovery, Indie Vibes

   🎵 Bon Iver - Holocene (2011)
      Appears in 2 playlists: Indie Vibes, Aspen Vibes

   🎵 Fleet Foxes - White Winter Hymnal (2008)
      Appears in 2 playlists: Indie Vibes, Aspen Vibes

   🎵 Of Monsters and Men - Little Talks (2011)
      Appears in 2 playlists: Indie Vibes, Aspen Vibes

   🎵 The Shins - New Slang (2001)
      Appears in 2 playlists: Indie Vibes, Aspen Vibes

   🎵 blink-182 - What's My Age Again? (1999)
      Appears in 2 playlists: Punk Rock, Millennial Nostalgia

   🎵 Green Day - American Idiot (2004)
      Appears in 2 playlists: Punk Rock, Millennial Nostalgia

   🎵 Green Day - When I Come Around (1994)
      Appears in 2 playlists: Punk Rock, Millennial Nostalgia

   🎵 MC5 - Kick Out the Jams (1969)
      Appears in 2 playlists: Punk Rock, Classic Rock

   🎵 Sum 41 - Fat Lip (2001)
      Appears in 2 playlists: Punk Rock, Millennial Nostalgia

   🎵 The Clash - London Calling (1979)
      Appears in 2 playlists: Punk Rock, Classic Rock

   🎵 Def Leppard - Hysteria (1987)
      Appears in 2 playlists: Soft Metal, Classic Rock

   🎵 Extreme - More Than Words (1990)
      Appears in 2 playlists: Soft Metal, Aspen Vibes

   🎵 Scorpions - Still Loving You (1984)
      Appears in 2 playlists: Soft Metal, Aspen Vibes

   🎵 UB40 - Kingston Town (1990)
      Appears in 2 playlists: Classic Reggae, Reggae Rock

   🎵 Kavinsky - Nightcall (2010)
      Appears in 2 playlists: Synthwave, Melodic EDM

   🎵 AC/DC - Back in Black (1980)
      Appears in 2 playlists: Heavy Metal Anthems, Classic Rock

   🎵 Black Sabbath - Iron Man (1970)
      Appears in 2 playlists: Heavy Metal Anthems, Classic Rock

   🎵 Disturbed - Down with the Sickness (2000)
      Appears in 2 playlists: Heavy Metal Anthems, Millennial Nostalgia

   🎵 Guns N' Roses - Welcome to the Jungle (1987)
      Appears in 2 playlists: Heavy Metal Anthems, Classic Rock

   🎵 Korn - Freak on a Leash (1998)
      Appears in 2 playlists: Heavy Metal Anthems, Millennial Nostalgia

   🎵 Metallica - Enter Sandman (1991)
      Appears in 2 playlists: Heavy Metal Anthems, Classic Rock

   🎵 Scorpions - Rock You Like a Hurricane (1984)
      Appears in 2 playlists: Heavy Metal Anthems, Classic Rock

   🎵 System of a Down - Chop Suey! (2001)
      Appears in 2 playlists: Heavy Metal Anthems, Millennial Nostalgia

   🎵 Aerosmith - I Don't Want to Miss a Thing (1998)
      Appears in 2 playlists: Aspen Vibes, Movie and TV Soundtracks

   🎵 Alexi Murdoch - Orange Sky (2006)
      Appears in 2 playlists: Aspen Vibes, Acoustic Singer-Songwriter

   🎵 America - A Horse with No Name (1971)
      Appears in 2 playlists: Aspen Vibes, Classic Rock

   🎵 Berlin - Take My Breath Away (1986)
      Appears in 2 playlists: Aspen Vibes, Movie and TV Soundtracks

   🎵 Boston - More Than a Feeling (1976)
      Appears in 2 playlists: Aspen Vibes, Classic Rock

   🎵 City and Colour - The Girl (2008)
      Appears in 2 playlists: Aspen Vibes, Acoustic Singer-Songwriter

   🎵 Coldplay - Yellow (2000)
      Appears in 2 playlists: Aspen Vibes, Millennial Nostalgia

   🎵 Commodores - Easy (1977)
      Appears in 2 playlists: Aspen Vibes, Funk & Soul

   🎵 Damien Rice - 9 Crimes (2006)
      Appears in 2 playlists: Aspen Vibes, Irish Folk

   🎵 Damien Rice - Cannonball (2002)
      Appears in 2 playlists: Aspen Vibes, Irish Folk

   🎵 Damien Rice - The Blower's Daughter (2001)
      Appears in 2 playlists: Aspen Vibes, Irish Folk

   🎵 Daughter - Youth (2013)
      Appears in 2 playlists: Aspen Vibes, Acoustic Singer-Songwriter

   🎵 Dido - Thank You (2000)
      Appears in 2 playlists: Aspen Vibes, Movie and TV Soundtracks

   🎵 Dire Straits - Sultans of Swing (1978)
      Appears in 2 playlists: Aspen Vibes, Classic Rock

   🎵 Elton John - Can You Feel the Love Tonight (1994)
      Appears in 2 playlists: Aspen Vibes, Movie and TV Soundtracks

   🎵 Enrique Iglesias - Hero (2001)
      Appears in 2 playlists: Aspen Vibes, Latin Pop

   🎵 Enya - Only Time (2000)
      Appears in 2 playlists: Aspen Vibes, Irish Folk

   🎵 Enya - Orinoco Flow (1988)
      Appears in 2 playlists: Aspen Vibes, Irish Folk

   🎵 Gary Jules - Mad World (2001)
      Appears in 2 playlists: Aspen Vibes, Movie and TV Soundtracks

   🎵 Glen Hansard - Falling Slowly (2008)
      Appears in 2 playlists: Aspen Vibes, Irish Folk

   🎵 Goo Goo Dolls - Slide (1998)
      Appears in 2 playlists: Aspen Vibes, Millennial Nostalgia

   🎵 Hollow Coves - The Woods (2017)
      Appears in 2 playlists: Aspen Vibes, Acoustic Singer-Songwriter

   🎵 Hozier - Cherry Wine (2014)
      Appears in 2 playlists: Aspen Vibes, Irish Folk

   🎵 Huey Lewis & The News - The Power of Love (1985)
      Appears in 2 playlists: Aspen Vibes, Movie and TV Soundtracks

   🎵 Idina Menzel - Let It Go (2013)
      Appears in 2 playlists: Aspen Vibes, Movie and TV Soundtracks

   🎵 INXS - Need You Tonight (1987)
      Appears in 2 playlists: Aspen Vibes, Classic Rock

   🎵 John Mellencamp - Jack & Diane (1982)
      Appears in 2 playlists: Aspen Vibes, Classic Rock

   🎵 Kansas - Dust in the Wind (1977)
      Appears in 2 playlists: Aspen Vibes, Classic Rock

   🎵 Lana Del Rey - Young and Beautiful (2013)
      Appears in 2 playlists: Aspen Vibes, Movie and TV Soundtracks

   🎵 Led Zeppelin - Stairway to Heaven (1971)
      Appears in 2 playlists: Aspen Vibes, Classic Rock

   🎵 Michelle Branch - Everywhere (2001)
      Appears in 2 playlists: Aspen Vibes, Millennial Nostalgia

   🎵 Natalie Imbruglia - Torn (1997)
      Appears in 2 playlists: Aspen Vibes, Movie and TV Soundtracks

   🎵 Neil Young - Heart of Gold (1972)
      Appears in 2 playlists: Aspen Vibes, Classic Rock

   🎵 Nelly Furtado - I'm Like a Bird (2000)
      Appears in 2 playlists: Aspen Vibes, Millennial Nostalgia

   🎵 No Doubt - Don't Speak (1996)
      Appears in 2 playlists: Aspen Vibes, Millennial Nostalgia

   🎵 Phoebe Bridgers - Motion Sickness (2017)
      Appears in 2 playlists: Aspen Vibes, Acoustic Singer-Songwriter

   🎵 Plain White T's - Hey There Delilah (2006)
      Appears in 2 playlists: Aspen Vibes, Millennial Nostalgia

   🎵 R.E.M. - Everybody Hurts (1992)
      Appears in 2 playlists: Aspen Vibes, Movie and TV Soundtracks

   🎵 Simple Minds - Don't You (Forget About Me) (1985)
      Appears in 2 playlists: Aspen Vibes, Movie and TV Soundtracks

   🎵 The Beatles - Hey Jude (1968)
      Appears in 2 playlists: Aspen Vibes, Classic Rock

   🎵 The Beatles - Let It Be (1970)
      Appears in 2 playlists: Aspen Vibes, Classic Rock

   🎵 The Corrs - Runaway (1995)
      Appears in 2 playlists: Aspen Vibes, Irish Folk

   🎵 The Fray - How to Save a Life (2005)
      Appears in 2 playlists: Aspen Vibes, Movie and TV Soundtracks

   🎵 The Killers - Mr. Brightside (2003)
      Appears in 2 playlists: Aspen Vibes, Millennial Nostalgia

   🎵 The Paper Kites - Bloom (2010)
      Appears in 2 playlists: Aspen Vibes, Acoustic Singer-Songwriter

   🎵 The Rolling Stones - Angie (1973)
      Appears in 2 playlists: Aspen Vibes, Classic Rock

   🎵 UB40 - Can't Help Falling in Love (1993)
      Appears in 2 playlists: Aspen Vibes, Reggae Rock

   🎵 Lynyrd Skynyrd - Free Bird (1974)
      Appears in 2 playlists: Classic Rock, Movie and TV Soundtracks

   🎵 No Doubt - Just a Girl (1995)
      Appears in 2 playlists: Classic Rock, Millennial Nostalgia

   🎵 Radiohead - Creep (1992)
      Appears in 2 playlists: Classic Rock, Millennial Nostalgia

   🎵 Survivor - Eye of the Tiger (1982)
      Appears in 2 playlists: Classic Rock, Movie and TV Soundtracks

   🎵 The Rolling Stones - Gimme Shelter (1969)
      Appears in 2 playlists: Classic Rock, Movie and TV Soundtracks

   🎵 The Who - Baba O'Riley (1971)
      Appears in 2 playlists: Classic Rock, Movie and TV Soundtracks

   🎵 Third Eye Blind - Semi-Charmed Life (1997)
      Appears in 2 playlists: Classic Rock, Millennial Nostalgia

   🎵 Sublime - What I Got (1996)
      Appears in 2 playlists: Reggae Rock, Millennial Nostalgia

   🎵 Hans Zimmer - Time (2010)
      Appears in 2 playlists: Symphonic Classics, Movie and TV Soundtracks

   🎵 Bobby Womack - Across 110th Street (1972)
      Appears in 2 playlists: Funk & Soul, Movie and TV Soundtracks

   🎵 Stevie Wonder - Superstition (1972)
      Appears in 2 playlists: Funk & Soul, Movie and TV Soundtracks

   🎵 Evanescence - Bring Me to Life (2003)
      Appears in 2 playlists: Movie and TV Soundtracks, Millennial Nostalgia

   🎵 Smash Mouth - All Star (1999)
      Appears in 2 playlists: Movie and TV Soundtracks, Millennial Nostalgia

   🎵 Lauryn Hill - Doo Wop (That Thing) (1998)
      Appears in 2 playlists: Golden HipHop, Millennial Nostalgia

   🎵 The Notorious B.I.G. - Mo Money Mo Problems (1997)
      Appears in 2 playlists: Golden HipHop, Millennial Nostalgia

   🎵 Los Fronterizos - La Peregrinación (1965)
      Appears in 2 playlists: Christmas Jingles, Folklore Argentino and Chamame

   🎵 Babasónicos - Putita (2003)
      Appears in 2 playlists: Rock Nacional, Latin Pop

   🎵 Bersuit Vergarabat - La Argentinidad al Palo (2004)
      Appears in 2 playlists: Rock Nacional, Latin Pop

   🎵 Charly García - Demoliendo Hoteles (1984)
      Appears in 2 playlists: Rock Nacional, Latin Pop

   🎵 Divididos - Spaghetti del Rock (1996)
      Appears in 2 playlists: Rock Nacional, Latin Pop

   🎵 Enanitos Verdes - Lamento Boliviano (1994)
      Appears in 2 playlists: Rock Nacional, Latin Pop

   🎵 Fito Páez - 11 y 6 (1985)
      Appears in 2 playlists: Rock Nacional, Latin Pop

   🎵 Los Fabulosos Cadillacs - Matador (1993)
      Appears in 2 playlists: Rock Nacional, Latin Pop

   🎵 Soda Stereo - De Música Ligera (1990)
      Appears in 2 playlists: Rock Nacional, Latin Pop

   🎵 Virus - Wadu Wadu (1981)
      Appears in 2 playlists: Rock Nacional, Latin Pop

   🎵 Ricky Martin - Livin' la Vida Loca (1999)
      Appears in 2 playlists: Latin Pop, Millennial Nostalgia

📊 Breakdown by number of appearances:
   2 song(s) appear in 4 playlists
   24 song(s) appear in 3 playlists
   164 song(s) appear in 2 playlists

============================================================
